[debug] [2024-12-22T15:18:28.447Z] ----------------------------------------------------------------------
[debug] [2024-12-22T15:18:28.452Z] Command:       C:\Program Files\nodejs\node.exe C:\Program Files\nodejs\node_modules\firebase-tools\lib\bin\firebase.js init hosting:github
[debug] [2024-12-22T15:18:28.452Z] CLI Version:   13.19.0
[debug] [2024-12-22T15:18:28.453Z] Platform:      win32
[debug] [2024-12-22T15:18:28.453Z] Node Version:  v22.2.0
[debug] [2024-12-22T15:18:28.453Z] Time:          Sun Dec 22 2024 17:18:28 GMT+0200 (Eastern European Standard Time)
[debug] [2024-12-22T15:18:28.453Z] ----------------------------------------------------------------------
[debug] 
[debug] [2024-12-22T15:18:28.663Z] > command requires scopes: ["email","openid","https://www.googleapis.com/auth/cloudplatformprojects.readonly","https://www.googleapis.com/auth/firebase","https://www.googleapis.com/auth/cloud-platform"]
[debug] [2024-12-22T15:18:28.664Z] > authorizing via signed-in user (nicolaenicoleta31@gmail.com)
[info] 
     ######## #### ########  ######## ########     ###     ######  ########
     ##        ##  ##     ## ##       ##     ##  ##   ##  ##       ##
     ######    ##  ########  ######   ########  #########  ######  ######
     ##        ##  ##    ##  ##       ##     ## ##     ##       ## ##
     ##       #### ##     ## ######## ########  ##     ##  ######  ########

You're about to initialize a Firebase project in this directory:

  C:\Users\Antonia\Desktop\alert-app-fe\alert-app-fe

Before we get started, keep in mind:

  * You are initializing within an existing Firebase project directory

